exports[`test name of test 1`] = `
<div
  className="card complete">
  <header>
    <h1>
      Build this app
    </h1>
    <p>
      Use drag n\' drop behavior and CSS modules
    </p>
  </header>
</div>
`;
